[INFO]  2025-03-11 10:00:00 - System initialization complete.
[DEBUG] 2025-03-11 10:00:05 - Loading configuration file...
[INFO]  2025-03-11 10:00:06 - Configuration loaded successfully.
[WARNING] 2025-03-11 10:00:10 - Disk space is running low: 15% remaining.
[ERROR] 2025-03-11 10:00:15 - Failed to connect to database. Retrying...
[INFO]  2025-03-11 10:00:20 - Database connection established.
[DEBUG] 2025-03-11 10:00:25 - Fetching user data from cache.
[INFO]  2025-03-11 10:00:30 - User authentication successful.
[WARNING] 2025-03-11 10:00:35 - High memory usage detected: 85%.
[ERROR] 2025-03-11 10:00:40 - API request timeout after 10 seconds.
[INFO]  2025-03-11 10:00:45 - Retrying API request...
[INFO]  2025-03-11 10:00:50 - API request successful.
[DEBUG] 2025-03-11 10:00:55 - Parsing API response...
[INFO]  2025-03-11 10:01:00 - Data processing started.
[ERROR] 2025-03-11 10:01:05 - Null pointer exception encountered.
[WARNING] 2025-03-11 10:01:10 - Restarting failed service...
[INFO]  2025-03-11 10:01:15 - Service restarted successfully.
[DEBUG] 2025-03-11 10:01:20 - Monitoring system performance...
[INFO]  2025-03-11 10:01:25 - Regular backup started.
[INFO]  2025-03-11 10:01:30 - Backup completed successfully.
[WARNING] 2025-03-11 10:01:35 - CPU temperature above threshold: 80°C.
[ERROR] 2025-03-11 10:01:40 - System crash detected.
[INFO]  2025-03-11 10:01:45 - System rebooting...
[DEBUG] 2025-03-11 10:01:50 - Kernel modules loading.
[INFO]  2025-03-11 10:01:55 - System online.
[WARNING] 2025-03-11 10:02:00 - Network latency detected: 250ms.
[INFO]  2025-03-11 10:02:05 - Running integrity check...
[ERROR] 2025-03-11 10:02:10 - File corruption detected in logs.
[DEBUG] 2025-03-11 10:02:15 - Attempting file repair...
[INFO]  2025-03-11 10:02:20 - File repair successful.
[WARNING] 2025-03-11 10:02:25 - Unauthorized login attempt detected.
[ERROR] 2025-03-11 10:02:30 - Security breach: Intrusion detected.
[INFO]  2025-03-11 10:02:35 - Initiating security protocols.
[DEBUG] 2025-03-11 10:02:40 - System logs being analyzed.
[INFO]  2025-03-11 10:02:45 - System check complete.
[WARNING] 2025-03-11 10:02:50 - Outdated software version detected.
[ERROR] 2025-03-11 10:02:55 - Software update failed.
[INFO]  2025-03-11 10:03:00 - Manual update required.
[DEBUG] 2025-03-11 10:03:05 - Checking hardware health.
[INFO]  2025-03-11 10:03:10 - Hardware diagnostics complete.
[WARNING] 2025-03-11 10:03:15 - SSD wear level high: 90%.
[ERROR] 2025-03-11 10:03:20 - Disk read failure on sector 2056.
[INFO]  2025-03-11 10:03:25 - Attempting disk repair...
[DEBUG] 2025-03-11 10:03:30 - Disk repair in progress...
[INFO]  2025-03-11 10:03:35 - Disk repair successful.
[WARNING] 2025-03-11 10:03:40 - System running in degraded mode.
[ERROR] 2025-03-11 10:03:45 - Critical failure: Shutting down.
[INFO]  2025-03-11 10:03:50 - System shutdown complete.
[DEBUG] 2025-03-11 10:03:55 - Awaiting manual intervention.
[INFO]  2025-03-11 10:04:00 - Restarting system...
[WARNING] 2025-03-11 10:04:05 - System started in safe mode.
[ERROR] 2025-03-11 10:04:10 - Kernel panic encountered.
[INFO]  2025-03-11 10:04:15 - System recovery initiated.
[DEBUG] 2025-03-11 10:04:20 - Recovery logs being generated.
[INFO]  2025-03-11 10:04:25 - Recovery successful.
[WARNING] 2025-03-11 10:04:30 - Potential DDoS attack detected.
[ERROR] 2025-03-11 10:04:35 - Server overload condition met.
[INFO]  2025-03-11 10:04:40 - Load balancing activated.
[DEBUG] 2025-03-11 10:04:45 - Traffic rerouted.
[INFO]  2025-03-11 10:04:50 - Traffic normalized.
[WARNING] 2025-03-11 10:04:55 - External drive not recognized.
[ERROR] 2025-03-11 10:05:00 - USB device failure.
[INFO]  2025-03-11 10:05:05 - Device reconnected.
[DEBUG] 2025-03-11 10:05:10 - USB diagnostics running.
[INFO]  2025-03-11 10:05:15 - USB check complete.
[WARNING] 2025-03-11 10:05:20 - Low battery warning.
[ERROR] 2025-03-11 10:05:25 - Power failure detected.
[INFO]  2025-03-11 10:05:30 - Switching to backup power.
[DEBUG] 2025-03-11 10:05:35 - Monitoring power usage.
[INFO]  2025-03-11 10:05:40 - Normal power restored.
[WARNING] 2025-03-11 10:05:45 - High CPU load: 95%.
[ERROR] 2025-03-11 10:05:50 - Application crash detected.
[INFO]  2025-03-11 10:05:55 - Restarting application...
[DEBUG] 2025-03-11 10:06:00 - Application logs checked.
[INFO]  2025-03-11 10:06:05 - Application restarted.
[WARNING] 2025-03-11 10:06:10 - Potential malware detected.
[ERROR] 2025-03-11 10:06:15 - Malware quarantine failed.
[INFO]  2025-03-11 10:06:20 - Running full system scan.
[DEBUG] 2025-03-11 10:06:25 - Scanning system files...
[INFO]  2025-03-11 10:06:30 - Scan complete. No threats found.
[WARNING] 2025-03-11 10:06:35 - Suspicious login detected.
[ERROR] 2025-03-11 10:06:40 - Multiple failed login attempts.
[INFO]  2025-03-11 10:06:45 - Locking user account.
[DEBUG] 2025-03-11 10:06:50 - System security log updated.
[INFO]  2025-03-11 10:06:55 - Security policies applied.
